[    0.000000] Initializing cgroup subsys cpuset
[    0.000000] Initializing cgroup subsys cpu
[    0.000000] Initializing cgroup subsys cpuacct
[    0.000000] Linux version 4.4.0-185-generic (buildd@lgw01-amd64-017) (gcc version 5.4.0 20160609 (Ubuntu 5.4.0-6ubuntu1~16.04.12) ) #215-Ubuntu SMP Mon Jun 8 21:53:19 UTC 2020 (Ubuntu 4.4.0-185.215-generic 4.4.224)
[    0.000000] Command line: BOOT_IMAGE=/boot/vmlinuz-4.4.0-185-generic root=LABEL=cloudimg-rootfs ro console=tty1 console=ttyS0
[    0.000000] KERNEL supported cpus:
[    0.000000]   Intel GenuineIntel
[    0.000000]   AMD AuthenticAMD
[    0.000000]   Centaur CentaurHauls
[    0.000000] [Firmware Bug]: TSC doesn't count with P0 frequency!
[    0.000000] x86/fpu: Legacy x87 FPU detected.
[    0.000000] e820: BIOS-provided physical RAM map:
[    0.000000] BIOS-e820: [mem 0x0000000000000000-0x000000000009fbff] usable
[    0.000000] BIOS-e820: [mem 0x000000000009fc00-0x000000000009ffff] reserved
[    0.000000] BIOS-e820: [mem 0x00000000000f0000-0x00000000000fffff] reserved
[    0.000000] BIOS-e820: [mem 0x0000000000100000-0x000000003ffeffff] usable
[    0.000000] BIOS-e820: [mem 0x000000003fff0000-0x000000003fffffff] ACPI data
[    0.000000] BIOS-e820: [mem 0x00000000fec00000-0x00000000fec00fff] reserved
[    0.000000] BIOS-e820: [mem 0x00000000fee00000-0x00000000fee00fff] reserved
[    0.000000] BIOS-e820: [mem 0x00000000fffc0000-0x00000000ffffffff] reserved
[    0.000000] NX (Execute Disable) protection: active
[    0.000000] SMBIOS 2.5 present.
[    0.000000] Hypervisor detected: KVM
[    0.000000] Kernel/User page tables isolation: disabled
[    0.000000] AGP: No AGP bridge found
[    0.000000] e820: last_pfn = 0x3fff0 max_arch_pfn = 0x400000000
[    0.000000] MTRR: Disabled
[    0.000000] x86/PAT: MTRRs disabled, skipping PAT initialization too.
[    0.000000] CPU MTRRs all blank - virtualized system.
[    0.000000] x86/PAT: Configuration [0-7]: WB  WT  UC- UC  WB  WT  UC- UC  
[    0.000000] found SMP MP-table at [mem 0x0009fff0-0x0009ffff] mapped at [ffff88000009fff0]
[    0.000000] Scanning 1 areas for low memory corruption
[    0.000000] RAMDISK: [mem 0x362e0000-0x37167fff]
[    0.000000] ACPI: Early table checksum verification disabled
[    0.000000] ACPI: RSDP 0x00000000000E0000 000024 (v02 VBOX  )
[    0.000000] ACPI: XSDT 0x000000003FFF0030 00003C (v01 VBOX   VBOXXSDT 00000001 ASL  00000061)
[    0.000000] ACPI: FACP 0x000000003FFF00F0 0000F4 (v04 VBOX   VBOXFACP 00000001 ASL  00000061)
[    0.000000] ACPI: DSDT 0x000000003FFF0470 002325 (v02 VBOX   VBOXBIOS 00000002 INTL 20200214)
[    0.000000] ACPI: FACS 0x000000003FFF0200 000040
[    0.000000] ACPI: FACS 0x000000003FFF0200 000040
[    0.000000] ACPI: APIC 0x000000003FFF0240 00005C (v02 VBOX   VBOXAPIC 00000001 ASL  00000061)
[    0.000000] ACPI: SSDT 0x000000003FFF02A0 0001CC (v01 VBOX   VBOXCPUT 00000002 INTL 20200214)
[    0.000000] No NUMA configuration found
[    0.000000] Faking a node at [mem 0x0000000000000000-0x000000003ffeffff]
[    0.000000] NODE_DATA(0) allocated [mem 0x3ffeb000-0x3ffeffff]
[    0.000000] kvm-clock: Using msrs 4b564d01 and 4b564d00
[    0.000000] kvm-clock: cpu 0, msr 0:3ffe3001, primary cpu clock
[    0.000000] kvm-clock: using sched offset of 4322994424 cycles
[    0.000000] clocksource: kvm-clock: mask: 0xffffffffffffffff max_cycles: 0x1cd42e4dffb, max_idle_ns: 881590591483 ns
[    0.000000] Zone ranges:
[    0.000000]   DMA      [mem 0x0000000000001000-0x0000000000ffffff]
[    0.000000]   DMA32    [mem 0x0000000001000000-0x000000003ffeffff]
[    0.000000]   Normal   empty
[    0.000000]   Device   empty
[    0.000000] Movable zone start for each node
[    0.000000] Early memory node ranges
[    0.000000]   node   0: [mem 0x0000000000001000-0x000000000009efff]
[    0.000000]   node   0: [mem 0x0000000000100000-0x000000003ffeffff]
[    0.000000] Initmem setup node 0 [mem 0x0000000000001000-0x000000003ffeffff]
[    0.000000] ACPI: PM-Timer IO Port: 0x4008
[    0.000000] IOAPIC[0]: apic_id 2, version 32, address 0xfec00000, GSI 0-23
[    0.000000] ACPI: INT_SRC_OVR (bus 0 bus_irq 0 global_irq 2 dfl dfl)
[    0.000000] ACPI: INT_SRC_OVR (bus 0 bus_irq 9 global_irq 9 low level)
[    0.000000] Using ACPI (MADT) for SMP configuration information
[    0.000000] smpboot: Allowing 2 CPUs, 0 hotplug CPUs
[    0.000000] PM: Registered nosave memory: [mem 0x00000000-0x00000fff]
[    0.000000] PM: Registered nosave memory: [mem 0x0009f000-0x0009ffff]
[    0.000000] PM: Registered nosave memory: [mem 0x000a0000-0x000effff]
[    0.000000] PM: Registered nosave memory: [mem 0x000f0000-0x000fffff]
[    0.000000] e820: [mem 0x40000000-0xfebfffff] available for PCI devices
[    0.000000] Booting paravirtualized kernel on KVM
[    0.000000] clocksource: refined-jiffies: mask: 0xffffffff max_cycles: 0xffffffff, max_idle_ns: 7645519600211568 ns
[    0.000000] setup_percpu: NR_CPUS:512 nr_cpumask_bits:512 nr_cpu_ids:2 nr_node_ids:1
[    0.000000] PERCPU: Embedded 33 pages/cpu @ffff88003fc00000 s95448 r8192 d31528 u1048576
[    0.000000] Built 1 zonelists in Node order, mobility grouping on.  Total pages: 257912
[    0.000000] Policy zone: DMA32
[    0.000000] Kernel command line: BOOT_IMAGE=/boot/vmlinuz-4.4.0-185-generic root=LABEL=cloudimg-rootfs ro console=tty1 console=ttyS0
[    0.000000] PID hash table entries: 4096 (order: 3, 32768 bytes)
[    0.000000] AGP: Checking aperture...
[    0.000000] AGP: No AGP bridge found
[    0.000000] Memory: 997672K/1048120K available (8632K kernel code, 1336K rwdata, 4036K rodata, 1488K init, 1292K bss, 50448K reserved, 0K cma-reserved)
[    0.000000] SLUB: HWalign=64, Order=0-3, MinObjects=0, CPUs=2, Nodes=1
[    0.000000] Hierarchical RCU implementation.
[    0.000000] 	Build-time adjustment of leaf fanout to 64.
[    0.000000] 	RCU restricting CPUs from NR_CPUS=512 to nr_cpu_ids=2.
[    0.000000] RCU: Adjusting geometry for rcu_fanout_leaf=64, nr_cpu_ids=2
[    0.000000] NR_IRQS:33024 nr_irqs:440 16
[    0.000000] Console: colour VGA+ 80x25
[    0.000000] console [tty1] enabled
[    0.000000] console [ttyS0] enabled
[    0.000000] tsc: Detected 2812.724 MHz processor
[    0.340526] Calibrating delay loop (skipped) preset value.. 5625.44 BogoMIPS (lpj=11250896)
[    0.343588] pid_max: default: 32768 minimum: 301
[    0.345396] ACPI: Core revision 20150930
[    0.349236] ACPI: 2 ACPI AML tables successfully acquired and loaded
[    0.351639] Security Framework initialized
[    0.353131] Yama: becoming mindful.
[    0.354506] AppArmor: AppArmor initialized
[    0.356281] Dentry cache hash table entries: 131072 (order: 8, 1048576 bytes)
[    0.359082] Inode-cache hash table entries: 65536 (order: 7, 524288 bytes)
[    0.364801] Mount-cache hash table entries: 2048 (order: 2, 16384 bytes)
[    0.367310] Mountpoint-cache hash table entries: 2048 (order: 2, 16384 bytes)
[    0.369973] Initializing cgroup subsys io
[    0.371504] Initializing cgroup subsys memory
[    0.373084] Initializing cgroup subsys devices
[    0.374712] Initializing cgroup subsys freezer
[    0.376327] Initializing cgroup subsys net_cls
[    0.377933] Initializing cgroup subsys perf_event
[    0.379645] Initializing cgroup subsys net_prio
[    0.382511] Initializing cgroup subsys hugetlb
[    0.384160] Initializing cgroup subsys pids
[    0.385803] Disabling Indirect Branch Predictor Support
[    0.387704] mce: CPU supports 0 MCE banks
[    0.389205] process: using AMD E400 aware idle routine
[    0.391082] Last level iTLB entries: 4KB 512, 2MB 16, 4MB 8
[    0.393028] Last level dTLB entries: 4KB 512, 2MB 128, 4MB 64, 1GB 0
[    0.395233] Spectre V1 : Mitigation: usercopy/swapgs barriers and __user pointer sanitization
[    0.403728] Spectre V2 : Spectre mitigation: LFENCE not serializing, switching to generic retpoline
[    0.407489] Spectre V2 : Mitigation: Full generic retpoline
[    0.409705] Spectre V2 : Spectre v2 / SpectreRSB mitigation: Filling RSB on context switch
[    0.418108] Freeing SMP alternatives memory: 36K
[    0.425415] ftrace: allocating 32322 entries in 127 pages
[    0.489526] smpboot: APIC(0) Converting physical 0 to logical package 0
[    0.493161] smpboot: Max logical packages: 1
[    0.496728] x2apic enabled
[    0.498786] Switched APIC routing to physical x2apic.
[    0.501621] ..TIMER: vector=0x30 apic1=0 pin1=2 apic2=-1 pin2=-1
[    0.611149] smpboot: CPU0: AMD Athlon(tm) II X2 240 Processor (family: 0x10, model: 0x6, stepping: 0x2)
[    0.620780] Performance Events: Broken PMU hardware detected, using software events only.
[    0.622156] Failed to access perfctr msr (MSR c0010007 is 0)
[    0.655858] KVM setup paravirtual spinlock
[    0.669305] x86: Booting SMP configuration:
[    0.676159] .... node  #0, CPUs:      #1
[    0.677479] kvm-clock: cpu 1, msr 0:3ffe3041, secondary cpu clock
[    0.685247] mce: CPU supports 0 MCE banks
[    0.704386] x86: Booted up 1 node, 2 CPUs
[    0.707400] smpboot: Total of 2 processors activated (11250.89 BogoMIPS)
[    0.709285] devtmpfs: initialized
[    0.714181] evm: security.selinux
[    0.715363] evm: security.SMACK64
[    0.717251] evm: security.SMACK64EXEC
[    0.721135] evm: security.SMACK64TRANSMUTE
[    0.721987] evm: security.SMACK64MMAP
[    0.722771] evm: security.ima
[    0.723466] evm: security.capability
[    0.724623] clocksource: jiffies: mask: 0xffffffff max_cycles: 0xffffffff, max_idle_ns: 7645041785100000 ns
[    0.726448] futex hash table entries: 512 (order: 3, 32768 bytes)
[    0.727733] pinctrl core: initialized pinctrl subsystem
[    0.728815] RTC time: 22:45:48, date: 07/09/20
[    0.742588] NET: Registered protocol family 16
[    0.759814] cpuidle: using governor ladder
[    0.770029] cpuidle: using governor menu
[    0.773946] PCCT header not found.
[    0.775491] ACPI: bus type PCI registered
[    0.776538] acpiphp: ACPI Hot Plug PCI Controller Driver version: 0.5
[    0.778023] PCI: Using configuration type 1 for base access
[    0.779537] PCI: Using configuration type 1 for extended access
[    0.803628] ACPI: Added _OSI(Module Device)
[    0.804754] ACPI: Added _OSI(Processor Device)
[    0.808152] ACPI: Added _OSI(3.0 _SCP Extensions)
[    0.809471] ACPI: Added _OSI(Processor Aggregator Device)
[    0.811376] ACPI: Executed 1 blocks of module-level executable AML code
[    0.822159] ACPI: Interpreter enabled
[    0.823143] ACPI: (supports S0 S5)
[    0.823997] ACPI: Using IOAPIC for interrupt routing
[    0.825560] PCI: Using host bridge windows from ACPI; if necessary, use "pci=nocrs" and report a bug
[    0.840333] ACPI: PCI Root Bridge [PCI0] (domain 0000 [bus 00-ff])
[    0.849529] acpi PNP0A03:00: _OSC: OS supports [ExtendedConfig ASPM ClockPM Segments MSI]
[    0.866007] acpi PNP0A03:00: _OSC: platform does not support [PCIeCapability]
[    0.878904] acpi PNP0A03:00: _OSC: not requesting control; platform does not support [PCIeCapability]
[    0.889384] acpi PNP0A03:00: _OSC: OS requested [PCIeHotplug PME AER PCIeCapability]
[    0.891085] acpi PNP0A03:00: _OSC: platform willing to grant [PCIeHotplug PME AER]
[    0.899544] acpi PNP0A03:00: _OSC failed (AE_SUPPORT); disabling ASPM
[    0.913003] PCI host bridge to bus 0000:00
[    0.923622] pci_bus 0000:00: root bus resource [io  0x0000-0x0cf7 window]
[    0.928951] pci_bus 0000:00: root bus resource [io  0x0d00-0xffff window]
[    0.940543] pci_bus 0000:00: root bus resource [mem 0x000a0000-0x000bffff window]
[    0.969758] pci_bus 0000:00: root bus resource [mem 0x40000000-0xfdffffff window]
[    0.976008] pci_bus 0000:00: root bus resource [bus 00-ff]
[    0.984371] pci 0000:00:01.1: legacy IDE quirk: reg 0x10: [io  0x01f0-0x01f7]
[    0.991636] pci 0000:00:01.1: legacy IDE quirk: reg 0x14: [io  0x03f6]
[    0.996705] pci 0000:00:01.1: legacy IDE quirk: reg 0x18: [io  0x0170-0x0177]
[    1.008199] pci 0000:00:01.1: legacy IDE quirk: reg 0x1c: [io  0x0376]
[    1.095896] pci 0000:00:07.0: quirk: [io  0x4000-0x403f] claimed by PIIX4 ACPI
[    1.109416] pci 0000:00:07.0: quirk: [io  0x4100-0x410f] claimed by PIIX4 SMB
[    1.133344] ACPI: PCI Interrupt Link [LNKA] (IRQs 5 9 10 *11)
[    1.137115] ACPI: PCI Interrupt Link [LNKB] (IRQs 5 9 *10 11)
[    1.140709] ACPI: PCI Interrupt Link [LNKC] (IRQs 5 *9 10 11)
[    1.145735] ACPI: PCI Interrupt Link [LNKD] (IRQs 5 9 10 *11)
[    1.150091] ACPI: Enabled 2 GPEs in block 00 to 07
[    1.152438] vgaarb: setting as boot device: PCI:0000:00:02.0
[    1.154534] vgaarb: device added: PCI:0000:00:02.0,decodes=io+mem,owns=io+mem,locks=none
[    1.157743] vgaarb: loaded
[    1.158846] vgaarb: bridge control possible 0000:00:02.0
[    1.161134] SCSI subsystem initialized
[    1.162980] ACPI: bus type USB registered
[    1.171339] usbcore: registered new interface driver usbfs
[    1.173328] usbcore: registered new interface driver hub
[    1.175355] usbcore: registered new device driver usb
[    1.177661] PCI: Using ACPI for IRQ routing
[    1.179506] NetLabel: Initializing
[    1.186390] NetLabel:  domain hash size = 128
[    1.188015] NetLabel:  protocols = UNLABELED CIPSOv4
[    1.189856] NetLabel:  unlabeled traffic allowed by default
[    1.192265] amd_nb: Cannot enumerate AMD northbridges
[    1.194242] clocksource: Switched to clocksource kvm-clock
[    1.210958] AppArmor: AppArmor Filesystem Enabled
[    1.213359] pnp: PnP ACPI init
[    1.215913] pnp: PnP ACPI: found 3 devices
[    1.231659] clocksource: acpi_pm: mask: 0xffffff max_cycles: 0xffffff, max_idle_ns: 2085701024 ns
[    1.240452] NET: Registered protocol family 2
[    1.242717] TCP established hash table entries: 8192 (order: 4, 65536 bytes)
[    1.245276] TCP bind hash table entries: 8192 (order: 5, 131072 bytes)
[    1.248549] TCP: Hash tables configured (established 8192 bind 8192)
[    1.252932] UDP hash table entries: 512 (order: 2, 16384 bytes)
[    1.255144] UDP-Lite hash table entries: 512 (order: 2, 16384 bytes)
[    1.257700] NET: Registered protocol family 1
[    1.259350] pci 0000:00:00.0: Limiting direct PCI/PCI transfers
[    1.261470] pci 0000:00:01.0: Activating ISA DMA hang workarounds
[    1.264188] Unpacking initramfs...
[    1.582286] Freeing initrd memory: 14880K
[    1.584122] clocksource: tsc: mask: 0xffffffffffffffff max_cycles: 0x288b34b5a20, max_idle_ns: 440795242521 ns
[    1.587872] platform rtc_cmos: registered platform RTC device (no PNP device found)
[    1.591803] Scanning for low memory corruption every 60 seconds
[    1.597387] audit: initializing netlink subsys (disabled)
[    1.603001] audit: type=2000 audit(1594334754.143:1): initialized
[    1.610872] Initialise system trusted keyring
[    1.621416] HugeTLB registered 2 MB page size, pre-allocated 0 pages
[    1.625255] zbud: loaded
[    1.626736] VFS: Disk quotas dquot_6.6.0
[    1.627722] VFS: Dquot-cache hash table entries: 512 (order 0, 4096 bytes)
[    1.630566] squashfs: version 4.0 (2009/01/31) Phillip Lougher
[    1.641577] fuse init (API version 7.23)
[    1.642919] Key type big_key registered
[    1.643912] Allocating IMA MOK and blacklist keyrings.
[    1.671167] Key type asymmetric registered
[    1.674559] Asymmetric key parser 'x509' registered
[    1.675805] Block layer SCSI generic (bsg) driver version 0.4 loaded (major 249)
[    1.678304] io scheduler noop registered
[    1.681154] io scheduler deadline registered (default)
[    1.687520] io scheduler cfq registered
[    1.689205] pci_hotplug: PCI Hot Plug PCI Core version: 0.5
[    1.691261] pciehp: PCI Express Hot Plug Controller Driver version: 0.4
[    1.693859] ACPI: AC Adapter [AC] (on-line)
[    1.695521] input: Power Button as /devices/LNXSYSTM:00/LNXPWRBN:00/input/input0
[    1.703929] ACPI: Power Button [PWRF]
[    1.705592] input: Sleep Button as /devices/LNXSYSTM:00/LNXSLPBN:00/input/input1
[    1.708401] ACPI: Sleep Button [SLPF]
[    1.710065] GHES: HEST is not enabled!
[    1.712047] Serial: 8250/16550 driver, 32 ports, IRQ sharing enabled
[    1.743916] 00:02: ttyS0 at I/O 0x3f8 (irq = 4, base_baud = 115200) is a 16550A
[    1.756760] Linux agpgart interface v0.103
[    1.772938] loop: module loaded
[    1.780255] scsi host0: ata_piix
[    1.789944] scsi host1: ata_piix
[    1.790927] ata1: PATA max UDMA/33 cmd 0x1f0 ctl 0x3f6 bmdma 0xd000 irq 14
[    1.792310] ata2: PATA max UDMA/33 cmd 0x170 ctl 0x376 bmdma 0xd008 irq 15
[    1.794517] libphy: Fixed MDIO Bus: probed
[    1.795939] tun: Universal TUN/TAP device driver, 1.6
[    1.803899] tun: (C) 1999-2004 Max Krasnyansky <maxk@qualcomm.com>
[    1.807022] PPP generic driver version 2.4.2
[    1.809125] ehci_hcd: USB 2.0 'Enhanced' Host Controller (EHCI) Driver
[    1.812337] ehci-pci: EHCI PCI platform driver
[    1.819769] ehci-platform: EHCI generic platform driver
[    1.822707] ohci_hcd: USB 1.1 'Open' Host Controller (OHCI) Driver
[    1.825061] ohci-pci: OHCI PCI platform driver
[    1.827187] ohci-platform: OHCI generic platform driver
[    1.829519] uhci_hcd: USB Universal Host Controller Interface driver
[    1.837123] i8042: PNP: PS/2 Controller [PNP0303:PS2K,PNP0f03:PS2M] at 0x60,0x64 irq 1,12
[    1.841376] serio: i8042 KBD port at 0x60,0x64 irq 1
[    1.843506] serio: i8042 AUX port at 0x60,0x64 irq 12
[    1.851449] mousedev: PS/2 mouse device common for all mice
[    1.856239] input: AT Translated Set 2 keyboard as /devices/platform/i8042/serio0/input/input2
[    1.860463] rtc_cmos rtc_cmos: rtc core: registered rtc_cmos as rtc0
[    1.872251] rtc_cmos rtc_cmos: alarms up to one day, 114 bytes nvram
[    1.874644] i2c /dev entries driver
[    1.876108] device-mapper: uevent: version 1.0.3
[    1.877963] device-mapper: ioctl: 4.34.0-ioctl (2015-10-28) initialised: dm-devel@redhat.com
[    1.889150] ledtrig-cpu: registered to indicate activity on CPUs
[    1.899787] NET: Registered protocol family 10
[    1.914069] NET: Registered protocol family 17
[    1.916364] Key type dns_resolver registered
[    1.923570] registered taskstats version 1
[    1.928926] Loading compiled-in X.509 certificates
[    1.940027] Loaded X.509 cert 'Build time autogenerated kernel key: 63b33e3df6fd3cb2c2f5596d77e3bacd7122c70c'
[    1.943691] zswap: loaded using pool lzo/zbud
[    1.955874] Key type trusted registered
[    1.961029] Key type encrypted registered
[    1.973357] AppArmor: AppArmor sha1 policy hashing enabled
[    1.979687] ima: No TPM chip found, activating TPM-bypass!
[    1.983886] ima: Allocated hash algorithm: sha1
[    1.988884] evm: HMAC attrs: 0x1
[    1.993344]   Magic number: 12:253:805
[    1.994360] rtc_cmos rtc_cmos: setting system clock to 2020-07-09 22:45:49 UTC (1594334749)
[    1.996442] BIOS EDD facility v0.16 2004-Jun-25, 0 devices found
[    2.006315] EDD information not available.
[    2.026632] Freeing unused kernel memory: 1488K
[    2.050749] Write protecting the kernel read-only data: 14336k
[    2.056060] Freeing unused kernel memory: 1596K
[    2.058377] Freeing unused kernel memory: 60K
Loading, please wait...
starting version 229
[    2.153470] random: systemd-udevd: uninitialized urandom read (16 bytes read, 2 bits of entropy available)
[    2.153638] random: udevadm: uninitialized urandom read (16 bytes read, 2 bits of entropy available)
[    2.153679] random: udevadm: uninitialized urandom read (16 bytes read, 2 bits of entropy available)
[    2.218128] random: udevadm: uninitialized urandom read (16 bytes read, 2 bits of entropy available)
[    2.218874] random: udevadm: uninitialized urandom read (16 bytes read, 2 bits of entropy available)
[    2.220812] random: udevadm: uninitialized urandom read (16 bytes read, 2 bits of entropy available)
[    2.221571] random: udevadm: uninitialized urandom read (16 bytes read, 2 bits of entropy available)
[    2.222445] random: udevadm: uninitialized urandom read (16 bytes read, 2 bits of entropy available)
[    2.222739] random: udevadm: uninitialized urandom read (16 bytes read, 2 bits of entropy available)
[    2.223732] random: udevadm: uninitialized urandom read (16 bytes read, 2 bits of entropy available)
[    2.348367] Fusion MPT base driver 3.04.20
[    2.350195] Copyright (c) 1999-2008 LSI Corporation
[    2.362173] e1000: Intel(R) PRO/1000 Network Driver - version 7.3.21-k8-NAPI
[    2.371500] e1000: Copyright (c) 1999-2006 Intel Corporation.
[    2.411910] Fusion MPT SPI Host driver 3.04.20
[    2.580634] input: ImExPS/2 Generic Explorer Mouse as /devices/platform/i8042/serio1/input/input4
[    2.767967] e1000 0000:00:03.0 eth0: (PCI:33MHz:32-bit) 02:a0:c0:04:2d:c8
[    2.773960] e1000 0000:00:03.0 eth0: Intel(R) PRO/1000 Network Connection
[    2.784352] mptbase: ioc0: Initiating bringup
[    2.792131] e1000 0000:00:03.0 enp0s3: renamed from eth0
[    2.852045] ioc0: LSI53C1030 A0: Capabilities={Initiator}
[    3.017185] scsi host2: ioc0: LSI53C1030 A0, FwRev=00000000h, Ports=1, MaxQ=256, IRQ=20
[    3.516564] scsi 2:0:0:0: Direct-Access     VBOX     HARDDISK         1.0  PQ: 0 ANSI: 5
[    3.524226] scsi target2:0:0: Beginning Domain Validation
[    3.527468] scsi target2:0:0: Domain Validation skipping write tests
[    3.529716] scsi target2:0:0: Ending Domain Validation
[    3.536210] scsi target2:0:0: asynchronous
[    3.539030] scsi 2:0:1:0: Direct-Access     VBOX     HARDDISK         1.0  PQ: 0 ANSI: 5
[    3.558720] scsi target2:0:1: Beginning Domain Validation
[    3.575787] scsi target2:0:1: Domain Validation skipping write tests
[    3.578676] scsi target2:0:1: Ending Domain Validation
[    3.580017] scsi target2:0:1: asynchronous
[    3.612053] sd 2:0:0:0: Attached scsi generic sg0 type 0
[    3.626258] sd 2:0:1:0: Attached scsi generic sg1 type 0
[    3.627785] sd 2:0:1:0: [sdb] 20480 512-byte logical blocks: (10.5 MB/10.0 MiB)
[    3.630812] sd 2:0:1:0: [sdb] Write Protect is off
[    3.632094] sd 2:0:1:0: [sdb] Incomplete mode parameter data
[    3.635636] sd 2:0:1:0: [sdb] Assuming drive cache: write through
[    3.636580] sd 2:0:0:0: [sda] 20971520 512-byte logical blocks: (10.7 GB/10.0 GiB)
[    3.640693] sd 2:0:0:0: [sda] Write Protect is off
[    3.656281] sd 2:0:0:0: [sda] Incomplete mode parameter data
[    3.657862] sd 2:0:0:0: [sda] Assuming drive cache: write through
[    3.658834] sd 2:0:1:0: [sdb] Attached SCSI disk
[    3.671581]  sda: sda1
[    3.673312] sd 2:0:0:0: [sda] Attached SCSI disk
Begin: Loading essential drivers ... [    5.366881] md: linear personality registered for level -1
[    5.375608] md: multipath personality registered for level -4
[    5.387848] md: raid0 personality registered for level 0
[    5.407838] md: raid1 personality registered for level 1
[    5.489664] raid6: sse2x1   gen()  3072 MB/s
[    5.560697] raid6: sse2x1   xor()  3430 MB/s
[    5.626265] raid6: sse2x2   gen()  4353 MB/s
[    5.694286] raid6: sse2x2   xor()  5368 MB/s
[    5.766347] raid6: sse2x4   gen()  5188 MB/s
[    5.838325] raid6: sse2x4   xor()  3285 MB/s
[    5.847727] raid6: using algorithm sse2x4 gen() 5188 MB/s
[    5.858989] raid6: .... xor() 3285 MB/s, rmw enabled
[    5.863015] raid6: using intx1 recovery algorithm
[    5.875293] xor: measuring software checksum speed
[    5.926316]    prefetch64-sse:  8584.000 MB/sec
[    5.971491]    generic_sse:  8875.000 MB/sec
[    5.974449] xor: using function: generic_sse (8875.000 MB/sec)
[    5.981347] async_tx: api initialized (async)
[    6.012252] md: raid6 personality registered for level 6
[    6.023132] md: raid5 personality registered for level 5
[    6.024322] md: raid4 personality registered for level 4
[    6.043067] md: raid10 personality registered for level 10
done.
Begin: Running /scripts/init-premount ... done.
Begin: Mounting root file system ... Begin: Running /scripts/local-top ... done.
Begin: Running /scripts/local-premount ... [    6.153880] Btrfs loaded
Scanning for Btrfs filesystems
done.
Warning: fsck not present, so skipping root file system
[    6.284159] EXT4-fs (sda1): mounted filesystem with ordered data mode. Opts: (null)
done.
Begin: Running /scripts/local-bottom ... done.
Begin: Running /scripts/init-bottom ... done.
[    6.799350] systemd[1]: systemd 229 running in system mode. (+PAM +AUDIT +SELINUX +IMA +APPARMOR +SMACK +SYSVINIT +UTMP +LIBCRYPTSETUP +GCRYPT +GNUTLS +ACL +XZ -LZ4 +SECCOMP +BLKID +ELFUTILS +KMOD -IDN)
[    6.811431] systemd[1]: Detected virtualization oracle.
[    6.812900] systemd[1]: Detected architecture x86-64.

Welcome to [1mUbuntu 16.04.6 LTS[0m!

[    6.840184] systemd[1]: Set hostname to <ubuntu>.
[    6.850374] systemd[1]: Initializing machine ID from random generator.
[    6.858041] systemd[1]: Installed transient /etc/machine-id file.
[    7.575332] systemd[1]: Reached target Swap.
[[0;32m  OK  [0m] Reached target Swap.
[    7.578684] random: nonblocking pool is initialized
[    7.579852] systemd[1]: Listening on LVM2 poll daemon socket.
[[0;32m  OK  [0m] Listening on LVM2 poll daemon socket.
[    7.587266] systemd[1]: Listening on /dev/initctl Compatibility Named Pipe.
[[0;32m  OK  [0m] Listening on /dev/initctl Compatibility Named Pipe.
[    7.589488] systemd[1]: Reached target System Time Synchronized.
[[0;32m  OK  [0m] Reached target System Time Synchronized.
[    7.591941] systemd[1]: Set up automount Arbitrary Executable File Formats File System Automount Point.
[[0;32m  OK  [0m] Set up automount Arbitrary Executab...ats File System Automount Point.
[    7.595289] systemd[1]: Reached target User and Group Name Lookups.
[[0;32m  OK  [0m] Reached target User and Group Name Lookups.
[    7.604760] systemd[1]: Created slice System Slice.
[[0;32m  OK  [0m] Created slice System Slice.
[    7.607380] systemd[1]: Created slice system-serial\x2dgetty.slice.
[[0;32m  OK  [0m] Created slice system-serial\x2dgetty.slice.
[    7.609604] systemd[1]: Listening on udev Control Socket.
[[0;32m  OK  [0m] Listening on udev Control Socket.
[    7.611754] systemd[1]: Reached target Encrypted Volumes.
[[0;32m  OK  [0m] Reached target Encrypted Volumes.
[    7.621164] systemd[1]: Listening on Syslog Socket.
[[0;32m  OK  [0m] Listening on Syslog Socket.
[    7.623612] systemd[1]: Listening on Journal Audit Socket.
[[0;32m  OK  [0m] Listening on Journal Audit Socket.
[    7.625665] systemd[1]: Listening on LVM2 metadata daemon socket.
[[0;32m  OK  [0m] Listening on LVM2 metadata daemon socket.
[    7.628540] systemd[1]: Listening on udev Kernel Socket.
[[0;32m  OK  [0m] Listening on udev Kernel Socket.
[    7.667841] systemd[1]: Listening on Journal Socket (/dev/log).
[[0;32m  OK  [0m] Listening on Journal Socket (/dev/log).
[    7.670660] systemd[1]: Listening on Journal Socket.
[[0;32m  OK  [0m] Listening on Journal Socket.
[    8.276785] systemd[1]: Starting Create list of required static device nodes for the current kernel...
         Starting Create list of required st... nodes for the current kernel...
[    8.289992] systemd[1]: Starting Set console keymap...
         Starting Set console keymap...
[    8.351929] systemd[1]: Mounting Huge Pages File System...
         Mounting Huge Pages File System...
[    8.387657] systemd[1]: Starting Remount Root and Kernel File Systems...
         Starting Remount Root and Kernel File Systems...
[    8.423211] systemd[1]: Mounting POSIX Message Queue File System...
[    8.427400] EXT4-fs (sda1): re-mounted. Opts: (null)
         Mounting POSIX Message Queue File System...
[    8.446677] systemd[1]: Mounting Debug File System...
         Mounting Debug File System...
[    8.495693] systemd[1]: Starting Load Kernel Modules...
         Starting Load Kernel Modules...
[    8.523181] systemd[1]: Starting Journal Service...
         Starting Journal Service...
[    8.528364] systemd[1]: Starting Nameserver information manager...
         Starting Nameserver information manager...
[    8.544858] systemd[1]: Started Trigger resolvconf update for networkd DNS.
[[0;32m  OK  [0m] Started Trigger resolvconf update for networkd DNS.
[    8.555837] systemd[1]: Starting Uncomplicated firewall...
         Starting Uncomplicated firewall...
[    8.562000] systemd[1]: Started Forward Password Requests to Wall Directory Watch.
[[0;32m  OK  [0m] Started Forward Password Requests to Wall Directory Watch.
[    8.572783] systemd[1]: Listening on Device-mapper event daemon FIFOs.
[[0;32m  OK  [0m] Listening on Device-mapper event daemon FIFOs.
[    8.586753] systemd[1]: Starting Monitoring of LVM2 mirrors, snapshots etc. using dmeventd or progress polling...
         Starting Monitoring of LVM2 mirrors... dmeventd or progress polling...
[    8.604149] systemd[1]: Created slice User and Session Slice.
[[0;32m  OK  [0m] Created slice User and Session Slice.
[    8.610502] systemd[1]: Reached target Slices.
[[0;32m  OK  [0m] Reached target Slices.
[    8.626579] Loading iSCSI transport class v2.0-870.
[    8.653141] systemd[1]: Mounted Debug File System.
[[0;32m  OK  [0m] Mounted Debug File System.
[    8.660372] systemd[1]: Mounted Huge Pages File System.
[[0;32m  OK  [0m] Mounted Huge Pages File System.
[    8.684580] systemd[1]: Mounted POSIX Message Queue File System.
[[0;32m  OK  [0m] Mounted POSIX Message Queue File System.
[    8.704567] systemd[1]: Started Create list of required static device nodes for the current kernel.
[[0;32m  OK  [0m] Started Create list of required sta...ce nodes for the current kernel.
[    8.720674] iscsi: registered transport (tcp)
[    8.735465] systemd[1]: Started Set console keymap.
[[0;32m  OK  [0m] Started Set console keymap.
[    8.744187] systemd[1]: Started Remount Root and Kernel File Systems.
[[0;32m  OK  [0m] Started Remount Root and Kernel File Systems.
[    8.818518] systemd[1]: Started Uncomplicated firewall.
[[0;32m  OK  [0m] Started Uncomplicated firewall.
[    8.844432] systemd[1]: Started Nameserver information manager.
[[0;32m  OK  [0m] Started Nameserver information manager.
[    8.875716] systemd[1]: Started Journal Service.
[[0;32m  OK  [0m] Started Journal Service.
[[0;32m  OK  [0m] Started LVM2 metadata daemon.
[    8.931456] iscsi: registered transport (iser)
         Starting udev Coldplug all Devices...
         Starting Flush Journal to Persistent Storage...
         Starting Load/Save Random Seed...
         Starting Create Static Device Nodes in /dev...
[[0;32m  OK  [0m] Started Load Kernel Modules.
[[0;32m  OK  [0m] Started Load/Save Random Seed.
         Mounting FUSE Control File System...
         Starting Apply Kernel Variables...
[[0;32m  OK  [0m] Mounted FUSE Control File System.
[[0;32m  OK  [0m] Started udev Coldplug all Devices.
[    9.143853] systemd-journald[377]: Received request to flush runtime journal from PID 1
[[0;32m  OK  [0m] Started Flush Journal to Persistent Storage.
[[0;32m  OK  [0m] Started Apply Kernel Variables.
[[0;32m  OK  [0m] Started Create Static Device Nodes in /dev.
         Starting udev Kernel Device Manager...
[[0;32m  OK  [0m] Started udev Kernel Device Manager.
[[0;32m  OK  [0m] Started Monitoring of LVM2 mirrors,...ng dmeventd or progress polling.
[[0;32m  OK  [0m] Reached target Local File Systems (Pre).
[[0;32m  OK  [0m] Reached target Local File Systems.
         Starting LSB: AppArmor initialization...
         Starting Initial cloud-init job (pre-networking)...
         Starting Tell Plymouth To Write Out Runtime Data...
         Starting Set console font and keymap...
         Starting Create Volatile Files and Directories...
         Starting Commit a transient machine-id on disk...
[[0;32m  OK  [0m] Started Dispatch Password Requests to Console Directory Watch.
[[0;32m  OK  [0m] Started Tell Plymouth To Write Out Runtime Data.
[[0;32m  OK  [0m] Started Commit a transient machine-id on disk.
[[0;32m  OK  [0m] Started Create Volatile Files and Directories.
         Starting Update UTMP about System Boot/Shutdown...
[[0;32m  OK  [0m] Started Update UTMP about System Boot/Shutdown.
[[0;32m  OK  [0m] Found device /dev/ttyS0.
[[0;32m  OK  [0m] Listening on Load/Save RF Kill Switch Status /dev/rfkill Watch.
[[0;32m  OK  [0m] Started Set console font and keymap.
[[0;32m  OK  [0m] Created slice system-getty.slice.
[[0;32m  OK  [0m] Started LSB: AppArmor initialization.
         Starting Load AppArmor profiles managed internally by snapd...
[[0;32m  OK  [0m] Started Load AppArmor profiles managed internally by snapd.
[   13.534008] cloud-init[462]: Cloud-init v. 19.4-33-gbb4131a2-0ubuntu1~16.04.1 running 'init-local' at Thu, 09 Jul 2020 22:46:00 +0000. Up 12.59 seconds.
[[0;32m  OK  [0m] Started Initial cloud-init job (pre-networking).
[[0;32m  OK  [0m] Reached target Network (Pre).
         Starting Raise network interfaces...
[[0;32m  OK  [0m] Started Raise network interfaces.
[[0;32m  OK  [0m] Reached target Network.
         Starting Initial cloud-init job (metadata service crawler)...
[   18.070329] cloud-init[934]: Cloud-init v. 19.4-33-gbb4131a2-0ubuntu1~16.04.1 running 'init' at Thu, 09 Jul 2020 22:46:03 +0000. Up 15.21 seconds.
[   18.081554] cloud-init[934]: ci-info: ++++++++++++++++++++++++++++++++++++++Net device info++++++++++++++++++++++++++++++++++++++
[   18.091376] cloud-init[934]: ci-info: +--------+------+----------------------------+---------------+--------+-------------------+
[   18.101737] cloud-init[934]: ci-info: | Device |  Up  |          Address           |      Mask     | Scope  |     Hw-Address    |
[   18.107647] cloud-init[934]: ci-info: +--------+------+----------------------------+---------------+--------+-------------------+
[   18.117503] cloud-init[934]: ci-info: | enp0s3 | True |         10.0.2.15          | 255.255.255.0 | global | 02:a0:c0:04:2d:c8 |
[   18.125595] cloud-init[934]: ci-info: | enp0s3 | True | fe80::a0:c0ff:fe04:2dc8/64 |       .       |  link  | 02:a0:c0:04:2d:c8 |
[   18.138349] cloud-init[934]: ci-info: |   lo   | True |         127.0.0.1          |   255.0.0.0   |  host  |         .         |
[   18.152959] cloud-init[934]: ci-info: |   lo   | True |          ::1/128           |       .       |  host  |         .         |
[   18.162359] cloud-init[934]: ci-info: +--------+------+----------------------------+---------------+--------+-------------------+
[   18.170628] cloud-init[934]: ci-info: +++++++++++++++++++++++++++Route IPv4 info++++++++++++++++++++++++++++
[   18.178124] cloud-init[934]: ci-info: +-------+-------------+----------+---------------+-----------+-------+
[   18.187755] cloud-init[934]: ci-info: | Route | Destination | Gateway  |    Genmask    | Interface | Flags |
[   18.203772] cloud-init[934]: ci-info: +-------+-------------+----------+---------------+-----------+-------+
[   18.211874] cloud-init[934]: ci-info: |   0   |   0.0.0.0   | 10.0.2.2 |    0.0.0.0    |   enp0s3  |   UG  |
[   18.218627] cloud-init[934]: ci-info: |   1   |   10.0.2.0  | 0.0.0.0  | 255.255.255.0 |   enp0s3  |   U   |
[   18.225282] cloud-init[934]: ci-info: +-------+-------------+----------+---------------+-----------+-------+
[   18.234333] cloud-init[934]: ci-info: +++++++++++++++++++Route IPv6 info+++++++++++++++++++
[   18.247872] cloud-init[934]: ci-info: +-------+-------------+---------+-----------+-------+
[   18.252849] cloud-init[934]: ci-info: | Route | Destination | Gateway | Interface | Flags |
[   18.259423] cloud-init[934]: ci-info: +-------+-------------+---------+-----------+-------+
[   18.270025] cloud-init[934]: ci-info: |   0   |  fe80::/64  |    ::   |   enp0s3  |   U   |
[   18.274018] cloud-init[934]: ci-info: |   3   |   ff00::/8  |    ::   |   enp0s3  |   U   |
[   18.283084] cloud-init[934]: ci-info: +-------+-------------+---------+-----------+-------+
[   18.294673] cloud-init[934]: Generating public/private rsa key pair.
[   18.304620] cloud-init[934]: Your identification has been saved in /etc/ssh/ssh_host_rsa_key.
[   18.307451] cloud-init[934]: Your public key has been saved in /etc/ssh/ssh_host_rsa_key.pub.
[   18.320712] cloud-init[934]: The key fingerprint is:
[   18.323141] cloud-init[934]: SHA256:fOtVn8pHmVMhuj9t0i/uK9HmN/iD2KOv8GynnhMnasc root@ubuntu-xenial
[   18.332603] cloud-init[934]: The key's randomart image is:
[   18.334448] cloud-init[934]: +---[RSA 2048]----+
[   18.340217] cloud-init[934]: |                 |
[   18.349893] cloud-init[934]: |             . . |
[   18.350877] cloud-init[934]: |            . . .|
[   18.351912] cloud-init[934]: |       .   .    .|
[   18.353160] cloud-init[934]: |        S . ... +|
[   18.353996] cloud-init[934]: |         . =.oo*.|
[   18.360327] cloud-init[934]: |         .+ O+*.o|
[   18.371803] cloud-init[934]: |         ++E+X+B.|
[   18.374591] cloud-init[934]: |        . =OBB@==|
[   18.382925] cloud-init[934]: +----[SHA256]-----+
[   18.384782] cloud-init[934]: Generating public/private dsa key pair.
[   18.388790] cloud-init[934]: Your identification has been saved in /etc/ssh/ssh_host_dsa_key.
[   18.390007] cloud-init[934]: Your public key has been saved in /etc/ssh/ssh_host_dsa_key.pub.
[   18.391824] cloud-init[934]: The key fingerprint is:
[   18.401449] cloud-init[934]: SHA256:W0sx/5XyXcwkRZ4We5dKuMJcSbrmiCB0eP6TFaCC0S8 root@ubuntu-xenial
[   18.408421] cloud-init[934]: The key's randomart image is:
[   18.419830] cloud-init[934]: +---[DSA 1024]----+
[   18.423128] cloud-init[934]: |..   .     .   oo|
[   18.434695] cloud-init[934]: |..o . .   o o  o=|
[   18.436896] cloud-init[934]: |.+ =   . .o+ ..==|
[   18.448570] cloud-init[934]: |. E .   + o+o o=+|
[   18.476977] cloud-init[934]: | . +   .S*o..o .=|
[   18.486045] cloud-init[934]: |  . o + ++.. .o.o|
[   18.489676] cloud-init[934]: |     = ....   ...|
[   18.491901] cloud-init[934]: |      .          |
[   18.502097] cloud-init[934]: |                 |
[   18.503679] cloud-init[934]: +----[SHA256]-----+
[   18.504688] cloud-init[934]: Generating public/private ecdsa key pair.
[   18.505605] cloud-init[934]: Your identification has been saved in /etc/ssh/ssh_host_ecdsa_key.
[   18.506749] cloud-init[934]: Your public key has been saved in /etc/ssh/ssh_host_ecdsa_key.pub.
[   18.526836] cloud-init[934]: The key fingerprint is:
[   18.536211] cloud-init[934]: SHA256:rRcVlacx/3qBnG4PwZXpKnSGbR2KTJMxp5loBIglhFc root@ubuntu-xenial
[   18.537734] cloud-init[934]: The key's randomart image is:
[   18.538827] cloud-init[934]: +---[ECDSA 256]---+
[   18.546808] cloud-init[934]: |  oo+E.... o.o.. |
[   18.550191] cloud-init[934]: | . o..  . . O.+ +|
[   18.551709] cloud-init[934]: |  .      o B.  @ |
[   18.556045] cloud-init[934]: |        ..o.* * o|
[   18.558050] cloud-init[934]: |        S o=.Ooo.|
[   18.569098] cloud-init[934]: |         ...++o..|
[   18.580176] cloud-init[934]: |        . ...o ..|
[   18.585272] cloud-init[934]: |         .  .oo .|
[   18.588295] cloud-init[934]: |            . .o |
[   18.589952] cloud-init[934]: +----[SHA256]-----+
[   18.596314] cloud-init[934]: Generating public/private ed25519 key pair.
[   18.600538] cloud-init[934]: Your identification has been saved in /etc/ssh/ssh_host_ed25519_key.
[   18.603000] cloud-init[934]: Your public key has been saved in /etc/ssh/ssh_host_ed25519_key.pub.
[   18.606464] cloud-init[934]: The key fingerprint is:
[[0;32m  OK  [0m] Started Initial cloud-init job (metadata service crawler).
[[0;32m  OK  [0m] Reached target Network is Online.
[   18.621580] cloud-init[934]: SHA256:CWBhz3wcQ2Vd9fjh/lKuGrLyHZy8ICsZSdx0QYBRdJs root@ubuntu-xenial
[   18.623705] cloud-init[934]: The key's randomart image is:
[   18.626794] cloud-init[934]: +--[ED25519 256]--+
[   18.633180] cloud-init[934]: |    =..*B+*o ....|
[   18.634072] cloud-init[934]: |   o =...=.o.  ..|
[   18.634820] cloud-init[934]: |     .=oo.E   ...|
[   18.635684] cloud-init[934]: |      oo..    ...|
[   18.640565] cloud-init[934]: |     . .S      ..|
[   18.657221] cloud-init[934]: |      o    o .. .|
[   18.658467] cloud-init[934]: |       o. o *  + |
[   18.663991] cloud-init[934]: |      o .o = +. o|
[   18.664873] cloud-init[934]: |       ..oo +..o.|
         Starting iSCSI initiator daemon (iscsid)...
[[0;32m  OK  [0m] Reached target Cloud-config availability.
[   18.674556] [[0;32m  OK  [0m] Reached target System Initialization.
cloud-init[934]: +----[SHA256]-----+
[[0;32m  OK  [0m] Listening on ACPID Listen Socket.
[[0;32m  OK  [0m] Started ACPI Events Check.
[[0;32m  OK  [0m] Reached target Paths.
[[0;32m  OK  [0m] Started Message of the Day.
[[0;32m  OK  [0m] Started Daily Cleanup of Temporary Directories.
         Starting LXD - unix socket.
[[0;32m  OK  [0m] Started Daily apt download activities.
[[0;32m  OK  [0m] Listening on D-Bus System Message Bus Socket.
         Starting Socket activation for snappy daemon.
[[0;32m  OK  [0m] Listening on UUID daemon activation socket.
[[0;32m  OK  [0m] Started Daily apt upgrade and clean activities.
[[0;32m  OK  [0m] Reached target Timers.
[[0;32m  OK  [0m] Listening on LXD - unix socket.
[[0;32m  OK  [0m] Listening on Socket activation for snappy daemon.
[[0;32m  OK  [0m] Reached target Sockets.
[[0;32m  OK  [0m] Reached target Basic System.
[[0;32m  OK  [0m] Started D-Bus System Message Bus.
         Starting Virtualbox guest utils...
         Starting Accounts Service...
         Starting /etc/rc.local Compatibility...
[[0;32m  OK  [0m] Started FUSE filesystem for LXC.
         Starting LSB: MD monitoring daemon...
[[0;32m  OK  [0m] Started Deferred execution scheduler.
         Starting Login Service...
         Starting Snap Daemon...
         Starting Pollinate to seed the pseudo random number generator...
         Starting System Logging Service...
[[0;32m  OK  [0m] Started Regular background program processing daemon.
[[0;32m  OK  [0m] Started ACPI event daemon.
         Starting LSB: Record successful boot for GRUB...
         Starting LXD - container startup/shutdown...
[[0;32m  OK  [0m] Started iSCSI initiator daemon (iscsid).
[[0;32m  OK  [0m] Started /etc/rc.local Compatibility.
         Starting Login to default iSCSI targets...
[[0;32m  OK  [0m] Started Login Service.
[[0;32m  OK  [0m] Started Unattended Upgrades Shutdown.
[[0;32m  OK  [0m] Started System Logging Service.
[[0;32m  OK  [0m] Started LSB: Record successful boot for GRUB.
[[0;32m  OK  [0m] Started Login to default iSCSI targets.
[[0;32m  OK  [0m] Started LSB: MD monitoring daemon.
[[0;32m  OK  [0m] Reached target Remote File Systems (Pre).
[[0;32m  OK  [0m] Reached target Remote File Systems.
         Starting Permit User Sessions...
         Starting LSB: Set the CPU Frequency Scaling governor to "ondemand"...
         Starting LSB: daemon to balance interrupts for SMP systems...
         Starting LSB: automatic crash report generation...
[[0;32m  OK  [0m] Started Permit User Sessions.
         Starting Authenticate and Authorize Users to Run Privileged Tasks...
         Starting Hold until boot process finishes up...
         Starting Terminate Plymouth Boot Screen...
[[0;32m  OK  [0m] Started Hold until boot process finishes up.
[[0;32m  OK  [0m] Started Terminate Plymouth Boot Screen.
         Starting Set console scheme...
[[0;32m  OK  [0m] Started Serial Getty on ttyS0.
[[0;32m  OK  [0m] Started Getty on tty1.
[[0;32m  OK  [0m] Reached target Login Prompts.
[[0;32m  OK  [0m] Started Set console scheme.
[[0;32m  OK  [0m] Started LSB: Set the CPU Frequency Scaling governor to "ondemand".
[[0;32m  OK  [0m] Started LSB: daemon to balance interrupts for SMP systems.
[[0;32m  OK  [0m] Started LSB: automatic crash report generation.
[[0;32m  OK  [0m] Started Authenticate and Authorize Users to Run Privileged Tasks.
[[0;32m  OK  [0m] Started Virtualbox guest utils.
[[0;32m  OK  [0m] Started Accounts Service.
[[0;32m  OK  [0m] Started LXD - container startup/shutdown.
[[0;32m  OK  [0m] Started Snap Daemon.
         Starting Wait until snapd is fully seeded...

Ubuntu 16.04.6 LTS ubuntu-xenial ttyS0

ubuntu-xenial login: [   45.762637] cloud-init[1573]: Generating locales (this might take a while)...
[   47.470039] cloud-init[1573]:   en_US.UTF-8... done
[   47.478452] cloud-init[1573]: Generation complete.
[   48.634030] cloud-init[1573]: Cloud-init v. 19.4-33-gbb4131a2-0ubuntu1~16.04.1 running 'modules:config' at Thu, 09 Jul 2020 22:46:33 +0000. Up 45.42 seconds.
ci-info: no authorized SSH keys fingerprints found for user ubuntu.
<14>Jul  9 22:46:37 ec2: 
<14>Jul  9 22:46:37 ec2: #############################################################
<14>Jul  9 22:46:37 ec2: -----BEGIN SSH HOST KEY FINGERPRINTS-----
<14>Jul  9 22:46:37 ec2: 1024 SHA256:W0sx/5XyXcwkRZ4We5dKuMJcSbrmiCB0eP6TFaCC0S8 root@ubuntu-xenial (DSA)
<14>Jul  9 22:46:37 ec2: 256 SHA256:rRcVlacx/3qBnG4PwZXpKnSGbR2KTJMxp5loBIglhFc root@ubuntu-xenial (ECDSA)
<14>Jul  9 22:46:37 ec2: 256 SHA256:CWBhz3wcQ2Vd9fjh/lKuGrLyHZy8ICsZSdx0QYBRdJs root@ubuntu-xenial (ED25519)
<14>Jul  9 22:46:37 ec2: 2048 SHA256:fOtVn8pHmVMhuj9t0i/uK9HmN/iD2KOv8GynnhMnasc root@ubuntu-xenial (RSA)
<14>Jul  9 22:46:37 ec2: -----END SSH HOST KEY FINGERPRINTS-----
<14>Jul  9 22:46:37 ec2: #############################################################
-----BEGIN SSH HOST KEY KEYS-----
ecdsa-sha2-nistp256 AAAAE2VjZHNhLXNoYTItbmlzdHAyNTYAAAAIbmlzdHAyNTYAAABBBG9Eh8Szy8ovJOiKMmouW6PBa1goAwSuKFlDR2Pq9ed4XRvqWwaO4KHCnjVMr9hnnZueCyGaIwC/94Qj/v+Dqgk= root@ubuntu-xenial
ssh-ed25519 AAAAC3NzaC1lZDI1NTE5AAAAID0f5g4znPM5bvFVaqG0iC7kiGcPbWeNCEVW0Pf5GI0d root@ubuntu-xenial
ssh-rsa AAAAB3NzaC1yc2EAAAADAQABAAABAQDZT4mZP0vGbMRNOjG6Czuf8GjaP3khPGKiCHE44PSgJ8kO9qxVrJwEJE/2iRRfjpOFa4fGYBoiCijLXq6NHiSqJfx9u9SWSu/hRXIMW/WbY85695cN199lC9oG1C318uKlZdxoiLz+zzsJoa9sN7A8nYn0VVQheT72Mvgl5kuFDYefZyXAhJOrLjIE/tuYoheWfE2w6WvMGlpnjiMdFc2HNlo6dII2ums3/t43ubjHn4QLAddrowHbX8pFRli0Nh8Wh7XglSTTCnxQd61aJWJlvXTCGCGTYWuGkrW8IVa+v4zqj2BdNSgJbuZKGnaLr47a7POBTDHxaxTDduhIfYGN root@ubuntu-xenial
-----END SSH HOST KEY KEYS-----
[   49.731311] cloud-init[1614]: Cloud-init v. 19.4-33-gbb4131a2-0ubuntu1~16.04.1 running 'modules:final' at Thu, 09 Jul 2020 22:46:37 +0000. Up 49.38 seconds.
[   49.732716] cloud-init[1614]: ci-info: no authorized SSH keys fingerprints found for user ubuntu.
[   49.733881] cloud-init[1614]: Cloud-init v. 19.4-33-gbb4131a2-0ubuntu1~16.04.1 finished at Thu, 09 Jul 2020 22:46:37 +0000. Datasource DataSourceNoCloud [seed=/dev/sdb][dsmode=net].  Up 49.71 seconds
